// Jest Snapshot v1, https://goo.gl/fbAQLP

exports[`<PromoItem /> snapshotPromoItem 1`] = `
<View
  style={
    Object {
      "alignContent": "center",
      "alignItems": "flex-start",
      "flexDirection": "row",
      "paddingHorizontal": 0,
      "paddingTop": 100,
    }
  }
>
  <Text
    style={
      Object {
        "color": "#FFF",
        "fontFamily": "Cartoon",
        "fontSize": 28,
        "paddingLeft": 60,
        "paddingTop": 10,
        "position": "absolute",
        "zIndex": 1,
      }
    }
    testID="Nomtext"
  >
    test
  </Text>
  <Text
    style={
      Object {
        "alignSelf": "center",
        "color": "#FFF",
        "fontFamily": "Chill",
        "fontSize": 24,
        "padding": 5,
        "paddingLeft": 75,
        "paddingTop": 15,
        "position": "absolute",
        "zIndex": 2,
      }
    }
    testID="Montanttext"
  >
    50
    %
  </Text>
  <Text
    style={
      Object {
        "alignSelf": "center",
        "fontFamily": "space-mono",
        "fontSize": 14,
        "padding": 5,
        "paddingLeft": 70,
        "paddingTop": 55,
        "position": "absolute",
        "zIndex": 2,
      }
    }
    testID="ExpireAttext"
  >
    24/01/2021
  </Text>
  <View
    accessible={true}
    focusable={true}
    onClick={[Function]}
    onResponderGrant={[Function]}
    onResponderMove={[Function]}
    onResponderRelease={[Function]}
    onResponderTerminate={[Function]}
    onResponderTerminationRequest={[Function]}
    onStartShouldSetResponder={[Function]}
    style={
      Object {
        "left": 250,
        "marginTop": 52,
        "opacity": 1,
        "position": "absolute",
        "width": 50,
        "zIndex": 3,
      }
    }
    testID="AlertCodeButton"
  >
    <Image
      source={1}
      style={
        Object {
          "alignItems": "center",
          "height": 23,
          "position": "absolute",
          "width": 40,
        }
      }
    />
  </View>
  <Image
    source={1}
    style={
      Object {
        "height": 90,
        "position": "absolute",
        "width": 380,
      }
    }
  />
</View>
`;
